{
  "version": "1.5.0",
  "plugins_used": [
    {
      "name": "ArtifactoryDetector"
    },
    {
      "name": "AWSKeyDetector"
    },
    {
      "name": "AzureStorageKeyDetector"
    },
    {
      "name": "Base64HighEntropyString",
      "limit": 4.5
    },
    {
      "name": "BasicAuthDetector"
    },
    {
      "name": "CloudantDetector"
    },
    {
      "name": "DiscordBotTokenDetector"
    },
    {
      "name": "GitHubTokenDetector"
    },
    {
      "name": "GitLabTokenDetector"
    },
    {
      "name": "HexHighEntropyString",
      "limit": 3.0
    },
    {
      "name": "IbmCloudIamDetector"
    },
    {
      "name": "IbmCosHmacDetector"
    },
    {
      "name": "IPPublicDetector"
    },
    {
      "name": "JwtTokenDetector"
    },
    {
      "name": "KeywordDetector",
      "keyword_exclude": ""
    },
    {
      "name": "MailchimpDetector"
    },
    {
      "name": "NpmDetector"
    },
    {
      "name": "OpenAIDetector"
    },
    {
      "name": "PrivateKeyDetector"
    },
    {
      "name": "PypiTokenDetector"
    },
    {
      "name": "SendGridDetector"
    },
    {
      "name": "SlackDetector"
    },
    {
      "name": "SoftlayerDetector"
    },
    {
      "name": "SquareOAuthDetector"
    },
    {
      "name": "StripeDetector"
    },
    {
      "name": "TelegramBotTokenDetector"
    },
    {
      "name": "TwilioKeyDetector"
    }
  ],
  "filters_used": [
    {
      "path": "detect_secrets.filters.allowlist.is_line_allowlisted"
    },
    {
      "path": "detect_secrets.filters.common.is_ignored_due_to_verification_policies",
      "min_level": 2
    },
    {
      "path": "detect_secrets.filters.heuristic.is_indirect_reference"
    },
    {
      "path": "detect_secrets.filters.heuristic.is_likely_id_string"
    },
    {
      "path": "detect_secrets.filters.heuristic.is_lock_file"
    },
    {
      "path": "detect_secrets.filters.heuristic.is_not_alphanumeric_string"
    },
    {
      "path": "detect_secrets.filters.heuristic.is_potential_uuid"
    },
    {
      "path": "detect_secrets.filters.heuristic.is_prefixed_with_dollar_sign"
    },
    {
      "path": "detect_secrets.filters.heuristic.is_sequential_string"
    },
    {
      "path": "detect_secrets.filters.heuristic.is_swagger_file"
    },
    {
      "path": "detect_secrets.filters.heuristic.is_templated_secret"
    }
  ],
  "results": {
    ".archive\\20250913-222034\\.archive\\20250913-222034\\.archive\\20250913-222034\\.archive\\20250913-222034\\.archive\\20250913-222034\\.archive\\20250913-222034\\.archive\\20250913-222034\\.env.20250911-121509.bak": [
      {
        "type": "Hex High Entropy String",
        "filename": ".archive\\20250913-222034\\.archive\\20250913-222034\\.archive\\20250913-222034\\.archive\\20250913-222034\\.archive\\20250913-222034\\.archive\\20250913-222034\\.archive\\20250913-222034\\.env.20250911-121509.bak",
        "hashed_secret": "ab07a10e565d46540b1fed628e222d6ffb529d72",
        "is_verified": false,
        "line_number": 2
      },
      {
        "type": "Secret Keyword",
        "filename": ".archive\\20250913-222034\\.archive\\20250913-222034\\.archive\\20250913-222034\\.archive\\20250913-222034\\.archive\\20250913-222034\\.archive\\20250913-222034\\.archive\\20250913-222034\\.env.20250911-121509.bak",
        "hashed_secret": "ab07a10e565d46540b1fed628e222d6ffb529d72",
        "is_verified": false,
        "line_number": 2
      },
      {
        "type": "Base64 High Entropy String",
        "filename": ".archive\\20250913-222034\\.archive\\20250913-222034\\.archive\\20250913-222034\\.archive\\20250913-222034\\.archive\\20250913-222034\\.archive\\20250913-222034\\.archive\\20250913-222034\\.env.20250911-121509.bak",
        "hashed_secret": "b25c385b840610bc502c7ed11113a97f8943c6eb",
        "is_verified": false,
        "line_number": 3
      },
      {
        "type": "Secret Keyword",
        "filename": ".archive\\20250913-222034\\.archive\\20250913-222034\\.archive\\20250913-222034\\.archive\\20250913-222034\\.archive\\20250913-222034\\.archive\\20250913-222034\\.archive\\20250913-222034\\.env.20250911-121509.bak",
        "hashed_secret": "b25c385b840610bc502c7ed11113a97f8943c6eb",
        "is_verified": false,
        "line_number": 3
      }
    ],
    ".archive\\20250913-222034\\.archive\\20250913-222034\\.archive\\20250913-222034\\.archive\\20250913-222034\\.archive\\20250913-222034\\.archive\\20250913-222034\\.archive\\20250913-222034\\.env.20250912-154124.bak": [
      {
        "type": "Hex High Entropy String",
        "filename": ".archive\\20250913-222034\\.archive\\20250913-222034\\.archive\\20250913-222034\\.archive\\20250913-222034\\.archive\\20250913-222034\\.archive\\20250913-222034\\.archive\\20250913-222034\\.env.20250912-154124.bak",
        "hashed_secret": "511fb17413990673930d312a20f977fafd0cd2bb",
        "is_verified": false,
        "line_number": 2
      },
      {
        "type": "Secret Keyword",
        "filename": ".archive\\20250913-222034\\.archive\\20250913-222034\\.archive\\20250913-222034\\.archive\\20250913-222034\\.archive\\20250913-222034\\.archive\\20250913-222034\\.archive\\20250913-222034\\.env.20250912-154124.bak",
        "hashed_secret": "511fb17413990673930d312a20f977fafd0cd2bb",
        "is_verified": false,
        "line_number": 2
      }
    ],
    ".archive\\20250913-222034\\.archive\\20250913-222034\\.archive\\20250913-222034\\.archive\\20250913-222034\\.archive\\20250913-222034\\.archive\\20250913-222034\\.archive\\20250913-222034\\.env.20250913-100818.bak": [
      {
        "type": "Hex High Entropy String",
        "filename": ".archive\\20250913-222034\\.archive\\20250913-222034\\.archive\\20250913-222034\\.archive\\20250913-222034\\.archive\\20250913-222034\\.archive\\20250913-222034\\.archive\\20250913-222034\\.env.20250913-100818.bak",
        "hashed_secret": "511fb17413990673930d312a20f977fafd0cd2bb",
        "is_verified": false,
        "line_number": 2
      },
      {
        "type": "Secret Keyword",
        "filename": ".archive\\20250913-222034\\.archive\\20250913-222034\\.archive\\20250913-222034\\.archive\\20250913-222034\\.archive\\20250913-222034\\.archive\\20250913-222034\\.archive\\20250913-222034\\.env.20250913-100818.bak",
        "hashed_secret": "511fb17413990673930d312a20f977fafd0cd2bb",
        "is_verified": false,
        "line_number": 2
      }
    ],
    ".ruff_cache\\CACHEDIR.TAG": [
      {
        "type": "Hex High Entropy String",
        "filename": ".ruff_cache\\CACHEDIR.TAG",
        "hashed_secret": "e8f8c345877b2411a59897798e422b15b0c16d76",
        "is_verified": false,
        "line_number": 1
      }
    ],
    ".venv\\CACHEDIR.TAG": [
      {
        "type": "Hex High Entropy String",
        "filename": ".venv\\CACHEDIR.TAG",
        "hashed_secret": "e8f8c345877b2411a59897798e422b15b0c16d76",
        "is_verified": false,
        "line_number": 1
      }
    ],
    ".venv\\Lib\\site-packages\\PIL\\ImageFont.py": [
      {
        "type": "AWS Access Key",
        "filename": ".venv\\Lib\\site-packages\\PIL\\ImageFont.py",
        "hashed_secret": "7cd36fc7fde5cd9ce13dc7762a82c45fa2deb663",
        "is_verified": false,
        "line_number": 1274
      }
    ],
    ".venv\\Lib\\site-packages\\altair\\__init__.py": [
      {
        "type": "Base64 High Entropy String",
        "filename": ".venv\\Lib\\site-packages\\altair\\__init__.py",
        "hashed_secret": "bb159d1e698c6076b08509e7454fb204d0d1f323",
        "is_verified": false,
        "line_number": 540
      }
    ],
    ".venv\\Lib\\site-packages\\altair\\vegalite\\v5\\__init__.py": [
      {
        "type": "Base64 High Entropy String",
        "filename": ".venv\\Lib\\site-packages\\altair\\vegalite\\v5\\__init__.py",
        "hashed_secret": "bb159d1e698c6076b08509e7454fb204d0d1f323",
        "is_verified": false,
        "line_number": 560
      }
    ],
    ".venv\\Lib\\site-packages\\altair\\vegalite\\v5\\schema\\__init__.py": [
      {
        "type": "Base64 High Entropy String",
        "filename": ".venv\\Lib\\site-packages\\altair\\vegalite\\v5\\schema\\__init__.py",
        "hashed_secret": "bb159d1e698c6076b08509e7454fb204d0d1f323",
        "is_verified": false,
        "line_number": 519
      }
    ],
    ".venv\\Lib\\site-packages\\black\\handle_ipynb_magics.py": [
      {
        "type": "Hex High Entropy String",
        "filename": ".venv\\Lib\\site-packages\\black\\handle_ipynb_magics.py",
        "hashed_secret": "72777b0b9d04e73fad29316abb3aca8ec9592215",
        "is_verified": false,
        "line_number": 162
      },
      {
        "type": "Hex High Entropy String",
        "filename": ".venv\\Lib\\site-packages\\black\\handle_ipynb_magics.py",
        "hashed_secret": "bd8af0cba2d3b0a2a5af7de87cb65edff110baeb",
        "is_verified": false,
        "line_number": 210
      },
      {
        "type": "Hex High Entropy String",
        "filename": ".venv\\Lib\\site-packages\\black\\handle_ipynb_magics.py",
        "hashed_secret": "1bfe4acff84f6d5807ac7b97547d1d8aa00ad502",
        "is_verified": false,
        "line_number": 274
      }
    ],
    ".venv\\Lib\\site-packages\\detect_secrets-1.5.0.dist-info\\entry_points.txt": [
      {
        "type": "Secret Keyword",
        "filename": ".venv\\Lib\\site-packages\\detect_secrets-1.5.0.dist-info\\entry_points.txt",
        "hashed_secret": "a55cc495941ba0f382d3090386f5e07e63ef423d",
        "is_verified": false,
        "line_number": 2
      }
    ],
    ".venv\\Lib\\site-packages\\detect_secrets\\core\\potential_secret.py": [
      {
        "type": "Secret Keyword",
        "filename": ".venv\\Lib\\site-packages\\detect_secrets\\core\\potential_secret.py",
        "hashed_secret": "522bb49471c191584acd7dc2ceb42c03ca384a56",
        "is_verified": false,
        "line_number": 80
      }
    ],
    ".venv\\Lib\\site-packages\\detect_secrets\\main.py": [
      {
        "type": "Secret Keyword",
        "filename": ".venv\\Lib\\site-packages\\detect_secrets\\main.py",
        "hashed_secret": "97cdbdc7feff827efb082a6b6dd2727237cd49fd",
        "is_verified": false,
        "line_number": 96
      }
    ],
    ".venv\\Lib\\site-packages\\detect_secrets\\plugins\\artifactory.py": [
      {
        "type": "Secret Keyword",
        "filename": ".venv\\Lib\\site-packages\\detect_secrets\\plugins\\artifactory.py",
        "hashed_secret": "4825f8a411ba7cf9879a5f20331cab599299461a",
        "is_verified": false,
        "line_number": 8
      }
    ],
    ".venv\\Lib\\site-packages\\detect_secrets\\plugins\\aws.py": [
      {
        "type": "Secret Keyword",
        "filename": ".venv\\Lib\\site-packages\\detect_secrets\\plugins\\aws.py",
        "hashed_secret": "f2c45c60a2b1d2e8be265ff4b81faff4b90ac37d",
        "is_verified": false,
        "line_number": 23
      }
    ],
    ".venv\\Lib\\site-packages\\detect_secrets\\plugins\\azure_storage_key.py": [
      {
        "type": "Secret Keyword",
        "filename": ".venv\\Lib\\site-packages\\detect_secrets\\plugins\\azure_storage_key.py",
        "hashed_secret": "b80344e49f04ffacb0e65b37348bf05cf6435d28",
        "is_verified": false,
        "line_number": 11
      }
    ],
    ".venv\\Lib\\site-packages\\detect_secrets\\plugins\\base.py": [
      {
        "type": "Secret Keyword",
        "filename": ".venv\\Lib\\site-packages\\detect_secrets\\plugins\\base.py",
        "hashed_secret": "0beec7b5ea3f0fdbc95d0dd47f3c5bc275da8a33",
        "is_verified": false,
        "line_number": 156
      }
    ],
    ".venv\\Lib\\site-packages\\detect_secrets\\plugins\\basic_auth.py": [
      {
        "type": "Secret Keyword",
        "filename": ".venv\\Lib\\site-packages\\detect_secrets\\plugins\\basic_auth.py",
        "hashed_secret": "37b12e79df06e491c18cfe099eaf8aca6eae297c",
        "is_verified": false,
        "line_number": 17
      }
    ],
    ".venv\\Lib\\site-packages\\detect_secrets\\plugins\\cloudant.py": [
      {
        "type": "Secret Keyword",
        "filename": ".venv\\Lib\\site-packages\\detect_secrets\\plugins\\cloudant.py",
        "hashed_secret": "4010fd1234708a61d161d124b0cd8e0a79e9786a",
        "is_verified": false,
        "line_number": 14
      }
    ],
    ".venv\\Lib\\site-packages\\detect_secrets\\plugins\\discord.py": [
      {
        "type": "Secret Keyword",
        "filename": ".venv\\Lib\\site-packages\\detect_secrets\\plugins\\discord.py",
        "hashed_secret": "80e2bc3729001eef2f5b8e6bdf1632ed394aa8af",
        "is_verified": false,
        "line_number": 11
      }
    ],
    ".venv\\Lib\\site-packages\\detect_secrets\\plugins\\github_token.py": [
      {
        "type": "Secret Keyword",
        "filename": ".venv\\Lib\\site-packages\\detect_secrets\\plugins\\github_token.py",
        "hashed_secret": "677cedf7877737a2cb84fa055fb71200a93bd9ad",
        "is_verified": false,
        "line_number": 11
      }
    ],
    ".venv\\Lib\\site-packages\\detect_secrets\\plugins\\gitlab_token.py": [
      {
        "type": "Secret Keyword",
        "filename": ".venv\\Lib\\site-packages\\detect_secrets\\plugins\\gitlab_token.py",
        "hashed_secret": "ff9238b5782acd2176d54becea530127aeb3d8fe",
        "is_verified": false,
        "line_number": 12
      }
    ],
    ".venv\\Lib\\site-packages\\detect_secrets\\plugins\\high_entropy_strings.py": [
      {
        "type": "Secret Keyword",
        "filename": ".venv\\Lib\\site-packages\\detect_secrets\\plugins\\high_entropy_strings.py",
        "hashed_secret": "6fe31bb7eab1420120775f24ab313c585e5a0115",
        "is_verified": false,
        "line_number": 142
      },
      {
        "type": "Secret Keyword",
        "filename": ".venv\\Lib\\site-packages\\detect_secrets\\plugins\\high_entropy_strings.py",
        "hashed_secret": "2fd896385ddd0129c48bc014dc662af63082d200",
        "is_verified": false,
        "line_number": 160
      }
    ],
    ".venv\\Lib\\site-packages\\detect_secrets\\plugins\\ibm_cloud_iam.py": [
      {
        "type": "Secret Keyword",
        "filename": ".venv\\Lib\\site-packages\\detect_secrets\\plugins\\ibm_cloud_iam.py",
        "hashed_secret": "bc5d769a55d08aa6f3ed3f167c058ec35376fec0",
        "is_verified": false,
        "line_number": 12
      }
    ],
    ".venv\\Lib\\site-packages\\detect_secrets\\plugins\\ibm_cos_hmac.py": [
      {
        "type": "Secret Keyword",
        "filename": ".venv\\Lib\\site-packages\\detect_secrets\\plugins\\ibm_cos_hmac.py",
        "hashed_secret": "5ac3c034e6f3a896546359d21cb309575717f05b",
        "is_verified": false,
        "line_number": 21
      }
    ],
    ".venv\\Lib\\site-packages\\detect_secrets\\plugins\\ip_public.py": [
      {
        "type": "Secret Keyword",
        "filename": ".venv\\Lib\\site-packages\\detect_secrets\\plugins\\ip_public.py",
        "hashed_secret": "0b1f769a9e28e054d7df348c98b0cba1917febb4",
        "is_verified": false,
        "line_number": 19
      }
    ],
    ".venv\\Lib\\site-packages\\detect_secrets\\plugins\\jwt.py": [
      {
        "type": "Secret Keyword",
        "filename": ".venv\\Lib\\site-packages\\detect_secrets\\plugins\\jwt.py",
        "hashed_secret": "932ca321c659a3b97ee2611d4c44ec5f65e2aa9c",
        "is_verified": false,
        "line_number": 14
      }
    ],
    ".venv\\Lib\\site-packages\\detect_secrets\\plugins\\keyword.py": [
      {
        "type": "Secret Keyword",
        "filename": ".venv\\Lib\\site-packages\\detect_secrets\\plugins\\keyword.py",
        "hashed_secret": "f32b67c7e26342af42efabc674d441dca0a281c5",
        "is_verified": false,
        "line_number": 67
      },
      {
        "type": "Secret Keyword",
        "filename": ".venv\\Lib\\site-packages\\detect_secrets\\plugins\\keyword.py",
        "hashed_secret": "0beec7b5ea3f0fdbc95d0dd47f3c5bc275da8a33",
        "is_verified": false,
        "line_number": 122
      },
      {
        "type": "Secret Keyword",
        "filename": ".venv\\Lib\\site-packages\\detect_secrets\\plugins\\keyword.py",
        "hashed_secret": "62cdb7020ff920e5aa642c3d4066950dd1f01f4d",
        "is_verified": false,
        "line_number": 133
      },
      {
        "type": "Secret Keyword",
        "filename": ".venv\\Lib\\site-packages\\detect_secrets\\plugins\\keyword.py",
        "hashed_secret": "1af17e73721dbe0c40011b82ed4bb1a7dbe3ce29",
        "is_verified": false,
        "line_number": 196
      },
      {
        "type": "Secret Keyword",
        "filename": ".venv\\Lib\\site-packages\\detect_secrets\\plugins\\keyword.py",
        "hashed_secret": "f9b72e805000a5ea310939e167b6b1c2888125f7",
        "is_verified": false,
        "line_number": 269
      }
    ],
    ".venv\\Lib\\site-packages\\detect_secrets\\plugins\\mailchimp.py": [
      {
        "type": "Secret Keyword",
        "filename": ".venv\\Lib\\site-packages\\detect_secrets\\plugins\\mailchimp.py",
        "hashed_secret": "35903c2a33d34d4cd19835ee9493a65fc1a7e4bc",
        "is_verified": false,
        "line_number": 15
      }
    ],
    ".venv\\Lib\\site-packages\\detect_secrets\\plugins\\npm.py": [
      {
        "type": "Secret Keyword",
        "filename": ".venv\\Lib\\site-packages\\detect_secrets\\plugins\\npm.py",
        "hashed_secret": "91f845de51016327363f57d22da2466cbc652314",
        "is_verified": false,
        "line_number": 11
      }
    ],
    ".venv\\Lib\\site-packages\\detect_secrets\\plugins\\openai.py": [
      {
        "type": "Secret Keyword",
        "filename": ".venv\\Lib\\site-packages\\detect_secrets\\plugins\\openai.py",
        "hashed_secret": "660b79d7d79f4aaa174580076ef6e079b8a81914",
        "is_verified": false,
        "line_number": 11
      }
    ],
    ".venv\\Lib\\site-packages\\detect_secrets\\plugins\\private_key.py": [
      {
        "type": "Secret Keyword",
        "filename": ".venv\\Lib\\site-packages\\detect_secrets\\plugins\\private_key.py",
        "hashed_secret": "ade5ddaf2557ee93225fc565adbfe1ade3bae3a0",
        "is_verified": false,
        "line_number": 40
      },
      {
        "type": "Private Key",
        "filename": ".venv\\Lib\\site-packages\\detect_secrets\\plugins\\private_key.py",
        "hashed_secret": "daefe0b4345a654580dcad25c7c11ff4c944a8c0",
        "is_verified": false,
        "line_number": 45
      },
      {
        "type": "Private Key",
        "filename": ".venv\\Lib\\site-packages\\detect_secrets\\plugins\\private_key.py",
        "hashed_secret": "f0778f3e140a61d5bbbed5430773e52af2f5fba4",
        "is_verified": false,
        "line_number": 46
      },
      {
        "type": "Private Key",
        "filename": ".venv\\Lib\\site-packages\\detect_secrets\\plugins\\private_key.py",
        "hashed_secret": "27c6929aef41ae2bcadac15ca6abcaff72cda9cd",
        "is_verified": false,
        "line_number": 47
      },
      {
        "type": "Private Key",
        "filename": ".venv\\Lib\\site-packages\\detect_secrets\\plugins\\private_key.py",
        "hashed_secret": "4ada9713ec27066b2ffe0b7bd9c9c8d635dc4ab2",
        "is_verified": false,
        "line_number": 48
      },
      {
        "type": "Private Key",
        "filename": ".venv\\Lib\\site-packages\\detect_secrets\\plugins\\private_key.py",
        "hashed_secret": "1348b145fa1a555461c1b790a2f66614781091e9",
        "is_verified": false,
        "line_number": 49
      },
      {
        "type": "Private Key",
        "filename": ".venv\\Lib\\site-packages\\detect_secrets\\plugins\\private_key.py",
        "hashed_secret": "be4fc4886bd949b369d5e092eb87494f12e57e5b",
        "is_verified": false,
        "line_number": 50
      },
      {
        "type": "Private Key",
        "filename": ".venv\\Lib\\site-packages\\detect_secrets\\plugins\\private_key.py",
        "hashed_secret": "9279619d0c9a9529b0b223e3b809f4df24b8ba8b",
        "is_verified": false,
        "line_number": 51
      },
      {
        "type": "Private Key",
        "filename": ".venv\\Lib\\site-packages\\detect_secrets\\plugins\\private_key.py",
        "hashed_secret": "11200d1bf5e1eb358b5d823c443347d97e982a85",
        "is_verified": false,
        "line_number": 52
      }
    ],
    ".venv\\Lib\\site-packages\\detect_secrets\\plugins\\pypi_token.py": [
      {
        "type": "Secret Keyword",
        "filename": ".venv\\Lib\\site-packages\\detect_secrets\\plugins\\pypi_token.py",
        "hashed_secret": "9b42f32269056810ecc07889f4bc0f2f20afd427",
        "is_verified": false,
        "line_number": 11
      }
    ],
    ".venv\\Lib\\site-packages\\detect_secrets\\plugins\\sendgrid.py": [
      {
        "type": "Secret Keyword",
        "filename": ".venv\\Lib\\site-packages\\detect_secrets\\plugins\\sendgrid.py",
        "hashed_secret": "2c59a4461d825cb06039b5b4d3edf6b83dfac044",
        "is_verified": false,
        "line_number": 11
      }
    ],
    ".venv\\Lib\\site-packages\\detect_secrets\\plugins\\slack.py": [
      {
        "type": "Secret Keyword",
        "filename": ".venv\\Lib\\site-packages\\detect_secrets\\plugins\\slack.py",
        "hashed_secret": "f53d14b97c7cdfa2eaac4b240c8ff4876a47640a",
        "is_verified": false,
        "line_number": 17
      }
    ],
    ".venv\\Lib\\site-packages\\detect_secrets\\plugins\\softlayer.py": [
      {
        "type": "Secret Keyword",
        "filename": ".venv\\Lib\\site-packages\\detect_secrets\\plugins\\softlayer.py",
        "hashed_secret": "d5d8ace6d124d2522a81bfae43b01b5c905dc2b8",
        "is_verified": false,
        "line_number": 14
      }
    ],
    ".venv\\Lib\\site-packages\\detect_secrets\\plugins\\square_oauth.py": [
      {
        "type": "Secret Keyword",
        "filename": ".venv\\Lib\\site-packages\\detect_secrets\\plugins\\square_oauth.py",
        "hashed_secret": "cc357703e7cb9f49dabce90321937ace687b20f0",
        "is_verified": false,
        "line_number": 8
      }
    ],
    ".venv\\Lib\\site-packages\\detect_secrets\\plugins\\stripe.py": [
      {
        "type": "Secret Keyword",
        "filename": ".venv\\Lib\\site-packages\\detect_secrets\\plugins\\stripe.py",
        "hashed_secret": "b4685568c7c8d5d49451a187014711ebc75f70af",
        "is_verified": false,
        "line_number": 12
      }
    ],
    ".venv\\Lib\\site-packages\\detect_secrets\\plugins\\telegram_token.py": [
      {
        "type": "Secret Keyword",
        "filename": ".venv\\Lib\\site-packages\\detect_secrets\\plugins\\telegram_token.py",
        "hashed_secret": "abfd5b9f85b54e77c61438784d766292e3a7f46b",
        "is_verified": false,
        "line_number": 14
      }
    ],
    ".venv\\Lib\\site-packages\\detect_secrets\\plugins\\twilio.py": [
      {
        "type": "Secret Keyword",
        "filename": ".venv\\Lib\\site-packages\\detect_secrets\\plugins\\twilio.py",
        "hashed_secret": "688ecd55118006d5bad4cd43f4a26a98a06bec19",
        "is_verified": false,
        "line_number": 11
      },
      {
        "type": "Twilio API Key",
        "filename": ".venv\\Lib\\site-packages\\detect_secrets\\plugins\\twilio.py",
        "hashed_secret": "3c7206eff845bc69cf12d904d0f95f9aec15535e",
        "is_verified": false,
        "line_number": 14
      },
      {
        "type": "Twilio API Key",
        "filename": ".venv\\Lib\\site-packages\\detect_secrets\\plugins\\twilio.py",
        "hashed_secret": "34c2246140bc39b1fce81d9be2124f713a06bdaf",
        "is_verified": false,
        "line_number": 17
      }
    ],
    ".venv\\Lib\\site-packages\\git\\refs\\head.py": [
      {
        "type": "Hex High Entropy String",
        "filename": ".venv\\Lib\\site-packages\\git\\refs\\head.py",
        "hashed_secret": "807487690a5de4fe35fa4d2f1f3d9fd0c184fb2f",
        "is_verified": false,
        "line_number": 141
      }
    ],
    ".venv\\Lib\\site-packages\\gitdb\\test\\test_stream.py": [
      {
        "type": "Hex High Entropy String",
        "filename": ".venv\\Lib\\site-packages\\gitdb\\test\\test_stream.py",
        "hashed_secret": "e4a245860066af084ee7dab967408a58d31846d0",
        "is_verified": false,
        "line_number": 153
      },
      {
        "type": "Hex High Entropy String",
        "filename": ".venv\\Lib\\site-packages\\gitdb\\test\\test_stream.py",
        "hashed_secret": "ea276d5d449638f0d97ac894b655d0c0aa7e10a8",
        "is_verified": false,
        "line_number": 154
      }
    ],
    ".venv\\Lib\\site-packages\\google\\protobuf\\descriptor_pb2.py": [
      {
        "type": "Base64 High Entropy String",
        "filename": ".venv\\Lib\\site-packages\\google\\protobuf\\descriptor_pb2.py",
        "hashed_secret": "3f0aa1426eb78d7ce923ffb97aab743b96f09264",
        "is_verified": false,
        "line_number": 35
      }
    ],
    ".venv\\Lib\\site-packages\\numpy\\_core\\_string_helpers.py": [
      {
        "type": "Base64 High Entropy String",
        "filename": ".venv\\Lib\\site-packages\\numpy\\_core\\_string_helpers.py",
        "hashed_secret": "9b979763ab7bf00d075a6af7659862a7e19f9482",
        "is_verified": false,
        "line_number": 35
      },
      {
        "type": "Base64 High Entropy String",
        "filename": ".venv\\Lib\\site-packages\\numpy\\_core\\_string_helpers.py",
        "hashed_secret": "5a84846dedc4aacef08cc9fa401a9e640823ab28",
        "is_verified": false,
        "line_number": 36
      },
      {
        "type": "Base64 High Entropy String",
        "filename": ".venv\\Lib\\site-packages\\numpy\\_core\\_string_helpers.py",
        "hashed_secret": "2932d696a6390d171de9e11771cb632c92d76401",
        "is_verified": false,
        "line_number": 64
      }
    ],
    ".venv\\Lib\\site-packages\\numpy\\_core\\tests\\test_defchararray.py": [
      {
        "type": "Hex High Entropy String",
        "filename": ".venv\\Lib\\site-packages\\numpy\\_core\\tests\\test_defchararray.py",
        "hashed_secret": "70a11e96fe8142a81eae2f14a6db093b48f8da8e",
        "is_verified": false,
        "line_number": 483
      }
    ],
    ".venv\\Lib\\site-packages\\numpy\\f2py\\tests\\test_docs.py": [
      {
        "type": "Hex High Entropy String",
        "filename": ".venv\\Lib\\site-packages\\numpy\\f2py\\tests\\test_docs.py",
        "hashed_secret": "f001e4a5e5e31ea3e2ffaecddf7780cdf4bf482e",
        "is_verified": false,
        "line_number": 43
      },
      {
        "type": "Hex High Entropy String",
        "filename": ".venv\\Lib\\site-packages\\numpy\\f2py\\tests\\test_docs.py",
        "hashed_secret": "deaadc03d735ea04c9e428b9d98459825a563161",
        "is_verified": false,
        "line_number": 49
      }
    ],
    ".venv\\Lib\\site-packages\\numpy\\random\\tests\\test_generator_mt19937.py": [
      {
        "type": "Hex High Entropy String",
        "filename": ".venv\\Lib\\site-packages\\numpy\\random\\tests\\test_generator_mt19937.py",
        "hashed_secret": "6a680d731539a137b00b71d6033907fd07cf2cd8",
        "is_verified": false,
        "line_number": 30
      },
      {
        "type": "Hex High Entropy String",
        "filename": ".venv\\Lib\\site-packages\\numpy\\random\\tests\\test_generator_mt19937.py",
        "hashed_secret": "0f2303affd655e5041f363af354c885f9c92f044",
        "is_verified": false,
        "line_number": 31
      },
      {
        "type": "Hex High Entropy String",
        "filename": ".venv\\Lib\\site-packages\\numpy\\random\\tests\\test_generator_mt19937.py",
        "hashed_secret": "9a50c40e9daf2821ecebb0f8b0ded29dd9e7deb7",
        "is_verified": false,
        "line_number": 36
      },
      {
        "type": "Hex High Entropy String",
        "filename": ".venv\\Lib\\site-packages\\numpy\\random\\tests\\test_generator_mt19937.py",
        "hashed_secret": "1253f86f15634a5ff9cf49899619a698db0bf719",
        "is_verified": false,
        "line_number": 37
      },
      {
        "type": "Hex High Entropy String",
        "filename": ".venv\\Lib\\site-packages\\numpy\\random\\tests\\test_generator_mt19937.py",
        "hashed_secret": "cf5dadc730597237bebcbfde216b32db911303c9",
        "is_verified": false,
        "line_number": 42
      },
      {
        "type": "Hex High Entropy String",
        "filename": ".venv\\Lib\\site-packages\\numpy\\random\\tests\\test_generator_mt19937.py",
        "hashed_secret": "6ad82d6ae3712db4c8a92a904e65d4abb5109e3d",
        "is_verified": false,
        "line_number": 43
      },
      {
        "type": "Hex High Entropy String",
        "filename": ".venv\\Lib\\site-packages\\numpy\\random\\tests\\test_generator_mt19937.py",
        "hashed_secret": "20972d23e879312313cdc923a77ad18a568265b1",
        "is_verified": false,
        "line_number": 504
      },
      {
        "type": "Hex High Entropy String",
        "filename": ".venv\\Lib\\site-packages\\numpy\\random\\tests\\test_generator_mt19937.py",
        "hashed_secret": "2941cea2b78fbfa331050b38e52c6509669392c9",
        "is_verified": false,
        "line_number": 505
      },
      {
        "type": "Hex High Entropy String",
        "filename": ".venv\\Lib\\site-packages\\numpy\\random\\tests\\test_generator_mt19937.py",
        "hashed_secret": "ce7013aecd30388140c8ccc075a348aa3717119b",
        "is_verified": false,
        "line_number": 506
      },
      {
        "type": "Hex High Entropy String",
        "filename": ".venv\\Lib\\site-packages\\numpy\\random\\tests\\test_generator_mt19937.py",
        "hashed_secret": "eb49852c5466fafe8912dd6d6e9a67dc19ba74d1",
        "is_verified": false,
        "line_number": 507
      },
      {
        "type": "Hex High Entropy String",
        "filename": ".venv\\Lib\\site-packages\\numpy\\random\\tests\\test_generator_mt19937.py",
        "hashed_secret": "6fa4821286076da76bc37a8620b73e53a6631d4d",
        "is_verified": false,
        "line_number": 508
      },
      {
        "type": "Hex High Entropy String",
        "filename": ".venv\\Lib\\site-packages\\numpy\\random\\tests\\test_generator_mt19937.py",
        "hashed_secret": "57a1f37bbdd5973da34661d92c3611dd9e707747",
        "is_verified": false,
        "line_number": 935
      }
    ],
    ".venv\\Lib\\site-packages\\numpy\\random\\tests\\test_random.py": [
      {
        "type": "Hex High Entropy String",
        "filename": ".venv\\Lib\\site-packages\\numpy\\random\\tests\\test_random.py",
        "hashed_secret": "c34ae8e3b3b3cec4fafedd684138a2a3ed003147",
        "is_verified": false,
        "line_number": 230
      },
      {
        "type": "Hex High Entropy String",
        "filename": ".venv\\Lib\\site-packages\\numpy\\random\\tests\\test_random.py",
        "hashed_secret": "7876bc696e945e229cc7d7aeec1e289ee6e19597",
        "is_verified": false,
        "line_number": 231
      },
      {
        "type": "Hex High Entropy String",
        "filename": ".venv\\Lib\\site-packages\\numpy\\random\\tests\\test_random.py",
        "hashed_secret": "6a2510e0375ad9422810149f5290eeb8a7b5ed29",
        "is_verified": false,
        "line_number": 232
      },
      {
        "type": "Hex High Entropy String",
        "filename": ".venv\\Lib\\site-packages\\numpy\\random\\tests\\test_random.py",
        "hashed_secret": "49ff9d1d949e6ba9fd6888ed8938b50ce176d263",
        "is_verified": false,
        "line_number": 233
      },
      {
        "type": "Hex High Entropy String",
        "filename": ".venv\\Lib\\site-packages\\numpy\\random\\tests\\test_random.py",
        "hashed_secret": "bf1ad3197b63868084530315c4aaca508019e938",
        "is_verified": false,
        "line_number": 234
      }
    ],
    ".venv\\Lib\\site-packages\\numpy\\random\\tests\\test_randomstate.py": [
      {
        "type": "Hex High Entropy String",
        "filename": ".venv\\Lib\\site-packages\\numpy\\random\\tests\\test_randomstate.py",
        "hashed_secret": "c1caceb5a488bbf44406ee48aa7595676a5f8c96",
        "is_verified": false,
        "line_number": 35
      },
      {
        "type": "Hex High Entropy String",
        "filename": ".venv\\Lib\\site-packages\\numpy\\random\\tests\\test_randomstate.py",
        "hashed_secret": "49b37171c3c40b85a24ca7abc0384333ab4fd945",
        "is_verified": false,
        "line_number": 36
      },
      {
        "type": "Hex High Entropy String",
        "filename": ".venv\\Lib\\site-packages\\numpy\\random\\tests\\test_randomstate.py",
        "hashed_secret": "81834ffdcb34ad16e3721447668784af19f6b879",
        "is_verified": false,
        "line_number": 37
      },
      {
        "type": "Hex High Entropy String",
        "filename": ".venv\\Lib\\site-packages\\numpy\\random\\tests\\test_randomstate.py",
        "hashed_secret": "446f27b64f76fb9940dad53a1f01e73a6d67561a",
        "is_verified": false,
        "line_number": 38
      },
      {
        "type": "Hex High Entropy String",
        "filename": ".venv\\Lib\\site-packages\\numpy\\random\\tests\\test_randomstate.py",
        "hashed_secret": "39e897539283987c7a273bd966dae2b7ad293b82",
        "is_verified": false,
        "line_number": 39
      },
      {
        "type": "Hex High Entropy String",
        "filename": ".venv\\Lib\\site-packages\\numpy\\random\\tests\\test_randomstate.py",
        "hashed_secret": "52413579978a99b7b5f08177189e739f3bce5bbe",
        "is_verified": false,
        "line_number": 40
      },
      {
        "type": "Hex High Entropy String",
        "filename": ".venv\\Lib\\site-packages\\numpy\\random\\tests\\test_randomstate.py",
        "hashed_secret": "9ae0d46162c54f618755b6a72e365c2d726bd156",
        "is_verified": false,
        "line_number": 41
      },
      {
        "type": "Hex High Entropy String",
        "filename": ".venv\\Lib\\site-packages\\numpy\\random\\tests\\test_randomstate.py",
        "hashed_secret": "57113841908ed50f3c986491584e811f18f56bad",
        "is_verified": false,
        "line_number": 42
      },
      {
        "type": "Hex High Entropy String",
        "filename": ".venv\\Lib\\site-packages\\numpy\\random\\tests\\test_randomstate.py",
        "hashed_secret": "6739bb662f695683bbccbba5f53867d3d79ca346",
        "is_verified": false,
        "line_number": 45
      },
      {
        "type": "Hex High Entropy String",
        "filename": ".venv\\Lib\\site-packages\\numpy\\random\\tests\\test_randomstate.py",
        "hashed_secret": "f589f0448ee4815ce2ed8d990aac9501ce33d70d",
        "is_verified": false,
        "line_number": 46
      },
      {
        "type": "Hex High Entropy String",
        "filename": ".venv\\Lib\\site-packages\\numpy\\random\\tests\\test_randomstate.py",
        "hashed_secret": "c622ea6ab866b4ae909868e5d5ec743a05cb54df",
        "is_verified": false,
        "line_number": 47
      },
      {
        "type": "Hex High Entropy String",
        "filename": ".venv\\Lib\\site-packages\\numpy\\random\\tests\\test_randomstate.py",
        "hashed_secret": "49e4a11a2b1d16f48866988743aefd59b13712c6",
        "is_verified": false,
        "line_number": 48
      },
      {
        "type": "Hex High Entropy String",
        "filename": ".venv\\Lib\\site-packages\\numpy\\random\\tests\\test_randomstate.py",
        "hashed_secret": "b1fa23e74c90e8f2c7d687a1a2e931ec203f8172",
        "is_verified": false,
        "line_number": 49
      },
      {
        "type": "Hex High Entropy String",
        "filename": ".venv\\Lib\\site-packages\\numpy\\random\\tests\\test_randomstate.py",
        "hashed_secret": "16c99bceeca68f3f71e0dc6fdf82b287e98b96f3",
        "is_verified": false,
        "line_number": 50
      },
      {
        "type": "Hex High Entropy String",
        "filename": ".venv\\Lib\\site-packages\\numpy\\random\\tests\\test_randomstate.py",
        "hashed_secret": "15a43b6c0406b117212943bf6d2f4379cdd4c8d2",
        "is_verified": false,
        "line_number": 51
      },
      {
        "type": "Hex High Entropy String",
        "filename": ".venv\\Lib\\site-packages\\numpy\\random\\tests\\test_randomstate.py",
        "hashed_secret": "4a5f3f2b9de0cd873ed1a016d0fd821745dfc12d",
        "is_verified": false,
        "line_number": 52
      },
      {
        "type": "Hex High Entropy String",
        "filename": ".venv\\Lib\\site-packages\\numpy\\random\\tests\\test_randomstate.py",
        "hashed_secret": "c34ae8e3b3b3cec4fafedd684138a2a3ed003147",
        "is_verified": false,
        "line_number": 350
      },
      {
        "type": "Hex High Entropy String",
        "filename": ".venv\\Lib\\site-packages\\numpy\\random\\tests\\test_randomstate.py",
        "hashed_secret": "7876bc696e945e229cc7d7aeec1e289ee6e19597",
        "is_verified": false,
        "line_number": 351
      },
      {
        "type": "Hex High Entropy String",
        "filename": ".venv\\Lib\\site-packages\\numpy\\random\\tests\\test_randomstate.py",
        "hashed_secret": "6a2510e0375ad9422810149f5290eeb8a7b5ed29",
        "is_verified": false,
        "line_number": 352
      },
      {
        "type": "Hex High Entropy String",
        "filename": ".venv\\Lib\\site-packages\\numpy\\random\\tests\\test_randomstate.py",
        "hashed_secret": "49ff9d1d949e6ba9fd6888ed8938b50ce176d263",
        "is_verified": false,
        "line_number": 353
      },
      {
        "type": "Hex High Entropy String",
        "filename": ".venv\\Lib\\site-packages\\numpy\\random\\tests\\test_randomstate.py",
        "hashed_secret": "bf1ad3197b63868084530315c4aaca508019e938",
        "is_verified": false,
        "line_number": 354
      }
    ],
    ".venv\\Lib\\site-packages\\numpy\\version.py": [
      {
        "type": "Hex High Entropy String",
        "filename": ".venv\\Lib\\site-packages\\numpy\\version.py",
        "hashed_secret": "ee33e55077aa701ea68b525ee485faba41251bbd",
        "is_verified": false,
        "line_number": 9
      }
    ],
    ".venv\\Lib\\site-packages\\pandas\\_version.py": [
      {
        "type": "Hex High Entropy String",
        "filename": ".venv\\Lib\\site-packages\\pandas\\_version.py",
        "hashed_secret": "2cdd0e1948d80043c067049ce20eca5228ed35c8",
        "is_verified": false,
        "line_number": 29
      }
    ],
    ".venv\\Lib\\site-packages\\pandas\\_version_meson.py": [
      {
        "type": "Hex High Entropy String",
        "filename": ".venv\\Lib\\site-packages\\pandas\\_version_meson.py",
        "hashed_secret": "2cdd0e1948d80043c067049ce20eca5228ed35c8",
        "is_verified": false,
        "line_number": 2
      }
    ],
    ".venv\\Lib\\site-packages\\pandas\\tests\\io\\formats\\style\\test_html.py": [
      {
        "type": "Basic Auth Credentials",
        "filename": ".venv\\Lib\\site-packages\\pandas\\tests\\io\\formats\\style\\test_html.py",
        "hashed_secret": "9d4e1e23bd5b727046a9e3b4b7db57bd8d6ee684",
        "is_verified": false,
        "line_number": 791
      }
    ],
    ".venv\\Lib\\site-packages\\pandas\\tests\\io\\pytables\\test_put.py": [
      {
        "type": "Base64 High Entropy String",
        "filename": ".venv\\Lib\\site-packages\\pandas\\tests\\io\\pytables\\test_put.py",
        "hashed_secret": "dea3c171abcdfb3e8380d6860630f618eb6e074f",
        "is_verified": false,
        "line_number": 148
      }
    ],
    ".venv\\Lib\\site-packages\\pandas\\tests\\io\\test_sql.py": [
      {
        "type": "Basic Auth Credentials",
        "filename": ".venv\\Lib\\site-packages\\pandas\\tests\\io\\test_sql.py",
        "hashed_secret": "afc848c316af1a89d49826c5ae9d00ed769415f3",
        "is_verified": false,
        "line_number": 656
      },
      {
        "type": "Basic Auth Credentials",
        "filename": ".venv\\Lib\\site-packages\\pandas\\tests\\io\\test_sql.py",
        "hashed_secret": "9d4e1e23bd5b727046a9e3b4b7db57bd8d6ee684",
        "is_verified": false,
        "line_number": 2547
      }
    ],
    ".venv\\Lib\\site-packages\\pandas\\tests\\util\\test_hashing.py": [
      {
        "type": "Base64 High Entropy String",
        "filename": ".venv\\Lib\\site-packages\\pandas\\tests\\util\\test_hashing.py",
        "hashed_secret": "af038539f391ca04b902a6da9d08a8ba3c5bd5a8",
        "is_verified": false,
        "line_number": 358
      },
      {
        "type": "Base64 High Entropy String",
        "filename": ".venv\\Lib\\site-packages\\pandas\\tests\\util\\test_hashing.py",
        "hashed_secret": "07fe56ea63762480e2c05572d6aac5b7a07e4f97",
        "is_verified": false,
        "line_number": 359
      }
    ],
    ".venv\\Lib\\site-packages\\pip\\_vendor\\urllib3\\util\\url.py": [
      {
        "type": "Basic Auth Credentials",
        "filename": ".venv\\Lib\\site-packages\\pip\\_vendor\\urllib3\\util\\url.py",
        "hashed_secret": "5baa61e4c9b93f3f0682250b6cf8331b7ee68fd8",
        "is_verified": false,
        "line_number": 148
      }
    ],
    ".venv\\Lib\\site-packages\\pre_commit\\commands\\install_uninstall.py": [
      {
        "type": "Hex High Entropy String",
        "filename": ".venv\\Lib\\site-packages\\pre_commit\\commands\\install_uninstall.py",
        "hashed_secret": "9b9dd75e14b3d5daf49efe7ad4b33158e83f3118",
        "is_verified": false,
        "line_number": 24
      },
      {
        "type": "Hex High Entropy String",
        "filename": ".venv\\Lib\\site-packages\\pre_commit\\commands\\install_uninstall.py",
        "hashed_secret": "3f8c0253b8b8f48e4163987a57887d65bf47acef",
        "is_verified": false,
        "line_number": 25
      },
      {
        "type": "Hex High Entropy String",
        "filename": ".venv\\Lib\\site-packages\\pre_commit\\commands\\install_uninstall.py",
        "hashed_secret": "5760247c1ef6a849a9844d08c09cb84dda49969a",
        "is_verified": false,
        "line_number": 26
      },
      {
        "type": "Hex High Entropy String",
        "filename": ".venv\\Lib\\site-packages\\pre_commit\\commands\\install_uninstall.py",
        "hashed_secret": "dee152431eea26b9d52e4cfd363ff2d78b8c4ebd",
        "is_verified": false,
        "line_number": 27
      },
      {
        "type": "Hex High Entropy String",
        "filename": ".venv\\Lib\\site-packages\\pre_commit\\commands\\install_uninstall.py",
        "hashed_secret": "24594121c136246cf8c2de7ee1ee39f71e2d41d4",
        "is_verified": false,
        "line_number": 28
      },
      {
        "type": "Hex High Entropy String",
        "filename": ".venv\\Lib\\site-packages\\pre_commit\\commands\\install_uninstall.py",
        "hashed_secret": "3b83f939b10fedeb7d0956a22f8696be8315df51",
        "is_verified": false,
        "line_number": 30
      }
    ],
    ".venv\\Lib\\site-packages\\pyarrow\\_azurefs.pyx": [
      {
        "type": "Base64 High Entropy String",
        "filename": ".venv\\Lib\\site-packages\\pyarrow\\_azurefs.pyx",
        "hashed_secret": "726684b05966cd486e3461450ac94907c0b6709a",
        "is_verified": false,
        "line_number": 93
      },
      {
        "type": "Secret Keyword",
        "filename": ".venv\\Lib\\site-packages\\pyarrow\\_azurefs.pyx",
        "hashed_secret": "726684b05966cd486e3461450ac94907c0b6709a",
        "is_verified": false,
        "line_number": 93
      }
    ],
    ".venv\\Lib\\site-packages\\pyarrow\\_s3fs.pyx": [
      {
        "type": "Basic Auth Credentials",
        "filename": ".venv\\Lib\\site-packages\\pyarrow\\_s3fs.pyx",
        "hashed_secret": "5baa61e4c9b93f3f0682250b6cf8331b7ee68fd8",
        "is_verified": false,
        "line_number": 233
      },
      {
        "type": "Secret Keyword",
        "filename": ".venv\\Lib\\site-packages\\pyarrow\\_s3fs.pyx",
        "hashed_secret": "5baa61e4c9b93f3f0682250b6cf8331b7ee68fd8",
        "is_verified": false,
        "line_number": 236
      }
    ],
    ".venv\\Lib\\site-packages\\pyarrow\\include\\arrow\\filesystem\\s3fs.h": [
      {
        "type": "Basic Auth Credentials",
        "filename": ".venv\\Lib\\site-packages\\pyarrow\\include\\arrow\\filesystem\\s3fs.h",
        "hashed_secret": "5baa61e4c9b93f3f0682250b6cf8331b7ee68fd8",
        "is_verified": false,
        "line_number": 47
      }
    ],
    ".venv\\Lib\\site-packages\\pyarrow\\tests\\conftest.py": [
      {
        "type": "Secret Keyword",
        "filename": ".venv\\Lib\\site-packages\\pyarrow\\tests\\conftest.py",
        "hashed_secret": "39a531d92bbe1cfd6268cd99d999880c84640b1d",
        "is_verified": false,
        "line_number": 170
      },
      {
        "type": "Base64 High Entropy String",
        "filename": ".venv\\Lib\\site-packages\\pyarrow\\tests\\conftest.py",
        "hashed_secret": "5873c2a71e92f6ce58468a10f747d28bd34870a6",
        "is_verified": false,
        "line_number": 297
      },
      {
        "type": "Base64 High Entropy String",
        "filename": ".venv\\Lib\\site-packages\\pyarrow\\tests\\conftest.py",
        "hashed_secret": "b21b2ec1bf997222c650e46d9d6a85514f3f91b7",
        "is_verified": false,
        "line_number": 298
      }
    ],
    ".venv\\Lib\\site-packages\\pyarrow\\tests\\test_dataset.py": [
      {
        "type": "Secret Keyword",
        "filename": ".venv\\Lib\\site-packages\\pyarrow\\tests\\test_dataset.py",
        "hashed_secret": "d3ba3cd94a4982347ff6148f2522fe7740a3d72d",
        "is_verified": false,
        "line_number": 5049
      }
    ],
    ".venv\\Lib\\site-packages\\pyarrow\\tests\\test_fs.py": [
      {
        "type": "Secret Keyword",
        "filename": ".venv\\Lib\\site-packages\\pyarrow\\tests\\test_fs.py",
        "hashed_secret": "d3ba3cd94a4982347ff6148f2522fe7740a3d72d",
        "is_verified": false,
        "line_number": 525
      },
      {
        "type": "Secret Keyword",
        "filename": ".venv\\Lib\\site-packages\\pyarrow\\tests\\test_fs.py",
        "hashed_secret": "e5e9fa1ba31ecd1ae84f75caaa474f3a663f05f4",
        "is_verified": false,
        "line_number": 1192
      },
      {
        "type": "Secret Keyword",
        "filename": ".venv\\Lib\\site-packages\\pyarrow\\tests\\test_fs.py",
        "hashed_secret": "047529914fea6ba21a858a5d8f66b0529e9db74b",
        "is_verified": false,
        "line_number": 1464
      },
      {
        "type": "Secret Keyword",
        "filename": ".venv\\Lib\\site-packages\\pyarrow\\tests\\test_fs.py",
        "hashed_secret": "0eacab9f7f4640fefa3e6f1acdb56ddf685839de",
        "is_verified": false,
        "line_number": 1469
      },
      {
        "type": "Secret Keyword",
        "filename": ".venv\\Lib\\site-packages\\pyarrow\\tests\\test_fs.py",
        "hashed_secret": "0ec8f36a4652a37c6709f09352872dbe6f16c472",
        "is_verified": false,
        "line_number": 1488
      }
    ],
    ".venv\\Lib\\site-packages\\pydeck\\nbextension\\static\\index.js": [
      {
        "type": "Base64 High Entropy String",
        "filename": ".venv\\Lib\\site-packages\\pydeck\\nbextension\\static\\index.js",
        "hashed_secret": "1d278d3c888d1a2fa7eed622bfc02927ce4049af",
        "is_verified": false,
        "line_number": 3349
      }
    ],
    ".venv\\Lib\\site-packages\\pygments\\lexers\\_cocoa_builtins.py": [
      {
        "type": "Base64 High Entropy String",
        "filename": ".venv\\Lib\\site-packages\\pygments\\lexers\\_cocoa_builtins.py",
        "hashed_secret": "d42bda5de6790d8696ff1e43db8babaaecfbdb5a",
        "is_verified": false,
        "line_number": 14
      }
    ],
    ".venv\\Lib\\site-packages\\streamlit\\connections\\snowflake_connection.py": [
      {
        "type": "Secret Keyword",
        "filename": ".venv\\Lib\\site-packages\\streamlit\\connections\\snowflake_connection.py",
        "hashed_secret": "b60d121b438a380c343d5ec3c2037564b82ffef3",
        "is_verified": false,
        "line_number": 156
      }
    ],
    ".venv\\Lib\\site-packages\\streamlit\\connections\\sql_connection.py": [
      {
        "type": "Basic Auth Credentials",
        "filename": ".venv\\Lib\\site-packages\\streamlit\\connections\\sql_connection.py",
        "hashed_secret": "b60d121b438a380c343d5ec3c2037564b82ffef3",
        "is_verified": false,
        "line_number": 113
      },
      {
        "type": "Secret Keyword",
        "filename": ".venv\\Lib\\site-packages\\streamlit\\connections\\sql_connection.py",
        "hashed_secret": "b60d121b438a380c343d5ec3c2037564b82ffef3",
        "is_verified": false,
        "line_number": 135
      }
    ],
    ".venv\\Lib\\site-packages\\streamlit\\runtime\\caching\\hashing.py": [
      {
        "type": "Base64 High Entropy String",
        "filename": ".venv\\Lib\\site-packages\\streamlit\\runtime\\caching\\hashing.py",
        "hashed_secret": "5d1dc58e2bb97e29f25e010cd35e2b0768363db4",
        "is_verified": false,
        "line_number": 67
      }
    ],
    ".venv\\Lib\\site-packages\\streamlit\\runtime\\connection_factory.py": [
      {
        "type": "Secret Keyword",
        "filename": ".venv\\Lib\\site-packages\\streamlit\\runtime\\connection_factory.py",
        "hashed_secret": "b60d121b438a380c343d5ec3c2037564b82ffef3",
        "is_verified": false,
        "line_number": 294
      },
      {
        "type": "Secret Keyword",
        "filename": ".venv\\Lib\\site-packages\\streamlit\\runtime\\connection_factory.py",
        "hashed_secret": "186154712b2d5f6791d85b9a0987b98fa231779c",
        "is_verified": false,
        "line_number": 323
      },
      {
        "type": "Basic Auth Credentials",
        "filename": ".venv\\Lib\\site-packages\\streamlit\\runtime\\connection_factory.py",
        "hashed_secret": "b60d121b438a380c343d5ec3c2037564b82ffef3",
        "is_verified": false,
        "line_number": 342
      }
    ],
    ".venv\\Lib\\site-packages\\streamlit\\static\\static\\js\\base-input.CK3UVGp1.js": [
      {
        "type": "Secret Keyword",
        "filename": ".venv\\Lib\\site-packages\\streamlit\\static\\static\\js\\base-input.CK3UVGp1.js",
        "hashed_secret": "372ea08cab33e71c02c651dbc83a474d32c676ea",
        "is_verified": false,
        "line_number": 4
      }
    ],
    ".venv\\Lib\\site-packages\\streamlit\\static\\static\\js\\index.452cqrrL.js": [
      {
        "type": "Secret Keyword",
        "filename": ".venv\\Lib\\site-packages\\streamlit\\static\\static\\js\\index.452cqrrL.js",
        "hashed_secret": "372ea08cab33e71c02c651dbc83a474d32c676ea",
        "is_verified": false,
        "line_number": 1
      }
    ],
    ".venv\\Lib\\site-packages\\streamlit\\user_info.py": [
      {
        "type": "Secret Keyword",
        "filename": ".venv\\Lib\\site-packages\\streamlit\\user_info.py",
        "hashed_secret": "b60d121b438a380c343d5ec3c2037564b82ffef3",
        "is_verified": false,
        "line_number": 156
      }
    ],
    ".venv\\Lib\\site-packages\\tornado\\test\\auth_test.py": [
      {
        "type": "Secret Keyword",
        "filename": ".venv\\Lib\\site-packages\\tornado\\test\\auth_test.py",
        "hashed_secret": "1161e6ffd3637b302a5cd74076283a7bd1fc20d3",
        "is_verified": false,
        "line_number": 63
      },
      {
        "type": "Secret Keyword",
        "filename": ".venv\\Lib\\site-packages\\tornado\\test\\auth_test.py",
        "hashed_secret": "ed6985d486b2f9e7bd351743b3ec85b5aa917398",
        "is_verified": false,
        "line_number": 336
      },
      {
        "type": "Secret Keyword",
        "filename": ".venv\\Lib\\site-packages\\tornado\\test\\auth_test.py",
        "hashed_secret": "7482fa4a17973fe0c68e69389f6ed91b33b2f50c",
        "is_verified": false,
        "line_number": 337
      },
      {
        "type": "Secret Keyword",
        "filename": ".venv\\Lib\\site-packages\\tornado\\test\\auth_test.py",
        "hashed_secret": "f0eb0afa50231cdd9b1b5866fc1e660c63dac88a",
        "is_verified": false,
        "line_number": 338
      },
      {
        "type": "Secret Keyword",
        "filename": ".venv\\Lib\\site-packages\\tornado\\test\\auth_test.py",
        "hashed_secret": "bac021c0d7c619b0a0032d8fefae25321b8ff70f",
        "is_verified": false,
        "line_number": 508
      },
      {
        "type": "Secret Keyword",
        "filename": ".venv\\Lib\\site-packages\\tornado\\test\\auth_test.py",
        "hashed_secret": "98d8e0fd0e0e16eb3a8c3b446f6b5f67af115fb6",
        "is_verified": false,
        "line_number": 595
      }
    ],
    ".venv\\Lib\\site-packages\\tornado\\test\\curl_httpclient_test.py": [
      {
        "type": "Secret Keyword",
        "filename": ".venv\\Lib\\site-packages\\tornado\\test\\curl_httpclient_test.py",
        "hashed_secret": "62cdb7020ff920e5aa642c3d4066950dd1f01f4d",
        "is_verified": false,
        "line_number": 88
      },
      {
        "type": "Secret Keyword",
        "filename": ".venv\\Lib\\site-packages\\tornado\\test\\curl_httpclient_test.py",
        "hashed_secret": "443ebd9b879718d576bb021459abda83a6ecd7d5",
        "is_verified": false,
        "line_number": 92
      }
    ],
    ".venv\\Lib\\site-packages\\tornado\\test\\escape_test.py": [
      {
        "type": "Basic Auth Credentials",
        "filename": ".venv\\Lib\\site-packages\\tornado\\test\\escape_test.py",
        "hashed_secret": "5baa61e4c9b93f3f0682250b6cf8331b7ee68fd8",
        "is_verified": false,
        "line_number": 122
      }
    ],
    ".venv\\Lib\\site-packages\\tornado\\test\\httpclient_test.py": [
      {
        "type": "Secret Keyword",
        "filename": ".venv\\Lib\\site-packages\\tornado\\test\\httpclient_test.py",
        "hashed_secret": "5bcaff7f22ff533ca099b3408ead876c0ebba9a7",
        "is_verified": false,
        "line_number": 268
      },
      {
        "type": "Secret Keyword",
        "filename": ".venv\\Lib\\site-packages\\tornado\\test\\httpclient_test.py",
        "hashed_secret": "5270c00596098fe157dc22b63b82236560b8387b",
        "is_verified": false,
        "line_number": 295
      }
    ],
    ".venv\\Lib\\site-packages\\tornado\\test\\test.key": [
      {
        "type": "Private Key",
        "filename": ".venv\\Lib\\site-packages\\tornado\\test\\test.key",
        "hashed_secret": "1348b145fa1a555461c1b790a2f66614781091e9",
        "is_verified": false,
        "line_number": 1
      }
    ],
    ".venv\\Lib\\site-packages\\tornado\\test\\web_test.py": [
      {
        "type": "Secret Keyword",
        "filename": ".venv\\Lib\\site-packages\\tornado\\test\\web_test.py",
        "hashed_secret": "6326b78ca9f4782c4ab53468388f1e812091170f",
        "is_verified": false,
        "line_number": 753
      },
      {
        "type": "Hex High Entropy String",
        "filename": ".venv\\Lib\\site-packages\\tornado\\test\\web_test.py",
        "hashed_secret": "4231993f421f48551489215f754ea78f43fdb242",
        "is_verified": false,
        "line_number": 1105
      },
      {
        "type": "Hex High Entropy String",
        "filename": ".venv\\Lib\\site-packages\\tornado\\test\\web_test.py",
        "hashed_secret": "1e6a950cc1f7ae8374c8e9c83d8609244e9ecb3f",
        "is_verified": false,
        "line_number": 1106
      },
      {
        "type": "Hex High Entropy String",
        "filename": ".venv\\Lib\\site-packages\\tornado\\test\\web_test.py",
        "hashed_secret": "e75ec661fe534721250976b6face431644965640",
        "is_verified": false,
        "line_number": 2661
      },
      {
        "type": "Hex High Entropy String",
        "filename": ".venv\\Lib\\site-packages\\tornado\\test\\web_test.py",
        "hashed_secret": "5188987d2a1f4a120d9a212c220626115ee6cc8f",
        "is_verified": false,
        "line_number": 2741
      },
      {
        "type": "Hex High Entropy String",
        "filename": ".venv\\Lib\\site-packages\\tornado\\test\\web_test.py",
        "hashed_secret": "4992355590b0ba075f5a8b0de97e514a55466315",
        "is_verified": false,
        "line_number": 2745
      },
      {
        "type": "Hex High Entropy String",
        "filename": ".venv\\Lib\\site-packages\\tornado\\test\\web_test.py",
        "hashed_secret": "821cbd060b2c8b11e81f13014c310b190466e212",
        "is_verified": false,
        "line_number": 2749
      },
      {
        "type": "Hex High Entropy String",
        "filename": ".venv\\Lib\\site-packages\\tornado\\test\\web_test.py",
        "hashed_secret": "505d17ef6f4714c0f6170f94c42328cd509d5f15",
        "is_verified": false,
        "line_number": 2754
      }
    ],
    ".venv\\Lib\\site-packages\\urllib3\\util\\url.py": [
      {
        "type": "Basic Auth Credentials",
        "filename": ".venv\\Lib\\site-packages\\urllib3\\util\\url.py",
        "hashed_secret": "5baa61e4c9b93f3f0682250b6cf8331b7ee68fd8",
        "is_verified": false,
        "line_number": 186
      }
    ],
    ".venv\\share\\jupyter\\nbextensions\\pydeck\\index.js": [
      {
        "type": "Base64 High Entropy String",
        "filename": ".venv\\share\\jupyter\\nbextensions\\pydeck\\index.js",
        "hashed_secret": "1d278d3c888d1a2fa7eed622bfc02927ce4049af",
        "is_verified": false,
        "line_number": 3349
      }
    ]
  },
  "generated_at": "2025-09-15T04:44:28Z"
}
